---
source: src/naming/tests.rs
expression: flatten_parse_node(node)
---
[
    NodeData {
        index: 0,
        parent: None,
        node_type: Enum,
        depth: 0,
        name: "Root",
    },
    NodeData {
        index: 1,
        parent: Some(
            0,
        ),
        node_type: Singleton,
        depth: 1,
        name: "A",
    },
    NodeData {
        index: 2,
        parent: Some(
            0,
        ),
        node_type: Singleton,
        depth: 1,
        name: "B",
    },
]
