---
source: src/parsing/tests.rs
expression: parse_node(input)
---
Ok(("", Singleton(Identifier("Name"))))
