---
source: src/processing/tests.rs
expression: flatten_root_node(node)
---
[
    NodeData {
        index: 0,
        parent: None,
        node_type: Enum,
        depth: 0,
        name: "Root",
        resolved_name: None,
        variants: [
            "A",
            "C",
        ],
        comments: [],
    },
    NodeData {
        index: 1,
        parent: Some(
            0,
        ),
        node_type: Enum,
        depth: 1,
        name: "A",
        resolved_name: None,
        variants: [
            "B",
        ],
        comments: [],
    },
    NodeData {
        index: 2,
        parent: Some(
            0,
        ),
        node_type: Singleton,
        depth: 1,
        name: "C",
        resolved_name: None,
        variants: [],
        comments: [],
    },
    NodeData {
        index: 3,
        parent: Some(
            1,
        ),
        node_type: Singleton,
        depth: 2,
        name: "B",
        resolved_name: None,
        variants: [],
        comments: [],
    },
]
