---
source: src/processing/tests.rs
expression: "nodes.into_iter().map(|node|\nformat!(\"{} -> {}\", node.name, node.resolved_name.unwrap())).collect_vec()"
---
[
    "RootState -> RootState",
]
