---
source: src/generate/tests.rs
expression: "generate_all_type_definitions(vec![node], naming_scheme, None)"
---
Err(
    Processing(
        DuplicateName {
            resolved_name: "Root",
            original_name: "Root",
        },
    ),
)
