---
source: src/generate/tests.rs
expression: "generate_debug_info(src_path, source)"
---
// generated by bevy_state_plugin_generator v[CARGO_PKG_VERSION]
// src: root.txt
// RootState
