---
source: src/generate/tests.rs
expression: "generate_all_type_definitions(node, naming_scheme)"
---
Err(
    Processing(
        DuplicateName {
            resolved_name: "RootA",
            original_name: "A",
        },
    ),
)
