---
source: src/generate/tests.rs
expression: "generate_state_plugin_source(source, config, Some(src_path)).unwrap()"
---
// generated by bevy_state_plugin_generator v[CARGO_PKG_VERSION]
// src: root.txt
// RootState

use bevy::prelude::AppExtStates;
#[allow(missing_docs)]
pub mod states {
    use bevy::prelude::StateSet;
    #[derive(bevy::prelude::States, Hash, Default, Debug, Clone, PartialEq, Eq)]
    pub struct RootState;
}
pub struct GeneratedStatesPlugin;
impl bevy::app::Plugin for GeneratedStatesPlugin {
    fn build(&self, app: &mut bevy::app::App) {
        app.add_state::<states::RootState>();
    }
}
