---
source: src/generate/tests.rs
expression: "generate_all_type_definitions(node, naming_scheme)"
---
[
    "Root -> Root",
    "A -> A",
    "C -> C",
    "B -> B",
]
