---
source: src/generate/tests.rs
expression: "generate_all_type_definitions(vec![node], naming_scheme, None)"
---
Ok(
    [
        "Root -> Root",
        "A -> A",
        "C -> C",
        "B -> B",
    ],
)
