---
source: src/parser.rs
expression: parse_node(input)
---
Ok(
    (
        " [ A { B, C [D E {F G}] H } I J ]",
        Singleton(
            Identifier(
                "Name",
            ),
        ),
    ),
)
