---
source: src/model.rs
expression: "ParseNode::try_from(input)"
---
Ok(Singleton(Identifier("Main")))
