---
source: src/generate.rs
expression: "generate_debug_info(src_path, source)"
---
// generated by bevy_state_plugin_generator v1.1.0-alpha.1
// src: fruits.txt
// Apple Orange { O1 O2 }
