---
source: src/parser.rs
expression: parse_node(input)
---
Ok(
    (
        "",
        Enum(
            "Name",
            [
                Singleton(
                    "A",
                ),
            ],
        ),
    ),
)
