---
source: src/stack_parser.rs
expression: parse_node(input)
---
Ok(
    (
        "",
        Singleton(
            "Name",
        ),
    ),
)
