---
source: src/generator/tests.rs
expression: "test_plugin_formatted(root_node, Default::default())"
---
#![allow(missing_docs)]
use bevy::prelude::AppExtStates;
pub mod states {
    use bevy::prelude::StateSet;
    #[derive(bevy::prelude::States, Hash, Default, Debug, Clone, PartialEq, Eq)]
    pub enum GameState {
        #[default]
        Loading,
        Ready,
    }

    #[derive(bevy::prelude::SubStates, Hash, Default, Debug, Clone, PartialEq, Eq)]
    #[source(GameState = GameState::Loading)]
    pub struct GameLoadingState;

    #[derive(bevy::prelude::SubStates, Hash, Default, Debug, Clone, PartialEq, Eq)]
    #[source(GameState = GameState::Ready)]
    pub enum GameReadyState {
        #[default]
        Menu,
        Game,
    }

    #[derive(bevy::prelude::SubStates, Hash, Default, Debug, Clone, PartialEq, Eq)]
    #[source(GameReadyState = GameReadyState::Menu)]
    pub struct GameReadyMenuState;

    #[derive(bevy::prelude::SubStates, Hash, Default, Debug, Clone, PartialEq, Eq)]
    #[source(GameReadyState = GameReadyState::Game)]
    pub struct GameReadyGameState;
}
pub struct GeneratedStatesPlugin;
impl bevy::app::Plugin for GeneratedStatesPlugin {
    fn build(&self, app: &mut bevy::app::App) {
        app.init_state::<states::GameState>()
            .add_sub_state::<states::GameLoadingState>()
            .add_sub_state::<states::GameReadyState>()
            .add_sub_state::<states::GameReadyMenuState>()
            .add_sub_state::<states::GameReadyGameState>();
    }
}
