---
source: src/generator/tests.rs
expression: "generate_all_type_definitions(&StateNode::list(\"Alpha\",\n[StateNode::singleton(\"Beta\")]),\n(ParentState::new(\"GameState\", \"Alpha\", None), NamingScheme::Full).into())"
---
#[derive(bevy::prelude::SubStates, Hash, Default, Debug, Clone, PartialEq, Eq)]
#[source(GameState = GameState::Alpha)]
pub struct GameStateAlpha;

#[derive(bevy::prelude::SubStates, Hash, Default, Debug, Clone, PartialEq, Eq)]
#[source(GameState = GameState::Alpha)]
pub struct GameStateBeta;
